A51 MACRO ASSEMBLER  Q1                                                                   03/03/2022 21:45:06 PAGE     1


MACRO ASSEMBLER A51 V8.2.7.0
OBJECT MODULE PLACED IN .\Objects\q1.obj
ASSEMBLER INVOKED BY: C:\Keil_v5\C51\BIN\A51.EXE q1.a51 SET(SMALL) DEBUG PRINT(.\Listings\q1.lst) OBJECT(.\Objects\q1.ob
                      j) EP

LOC  OBJ            LINE     SOURCE

0000                   1     org 0H
0000 2100              2     jmp main
0100                   3     org 100H
                       4             
0100                   5     main:
0100 758901            6             mov TMOD, #01H          ;set timer0 in mode 1
0103 759000            7             mov P1, #00H            ;configure as output
0106 7540C3            8             mov 40H, #0C3H          ;to set TH,TL = C350 (hex) = 50000 (dec)
0109 754150            9             mov 41H, #50H           
                      10             ;mov 30H, #05H          ;set the value of T
010C 3138             11             call subtract           ;load 2s complement into 42H and 43H
010E                  12             forever:                        ;subroutine to produce turn on and off LEDs for T s
                             econds each 
010E 311A             13                     call delay_Ts
0110 7590FF           14                     mov P1, #0FFH
0113 311A             15                     call delay_Ts
0115 759000           16                     mov P1, #00H
0118 80F4             17                     jmp forever
                      18     
011A                  19     delay_Ts:                               ;delay of T seconds is generated
011A AB30             20             mov r3, 30H
011C                  21             again:
011C 3121             22                     call delay_1s
011E DBFC             23                     djnz r3, again
0120 22               24                     ret
                      25                     
0121                  26     delay_1s:                               ;timer will take 40*25ms = 1s
0121 7A28             27             mov r2, #40
0123                  28             repeat:
0123 3128             29                     call delay_25ms
0125 DAFC             30                     djnz r2, repeat
0127 22               31                     ret
                      32     
0128                  33     delay_25ms:                             ;timer will take 50k/2MHz = 25,000us = 25ms
0128 85428C           34             mov TH0, 42H            ;move the values to TH, TL register 
012B 85438A           35             mov TL0, 43H            
012E D28C             36             setb TR0                        ;setup timer
0130                  37             loop1:                          ;polling
0130 208D02           38                     jb TF0, exit    ;exit if flag bit is 1
0133 80FB             39                     jmp loop1
0135                  40             exit:
0135 C28D             41                     clr TF0                 ;clear flag bit
0137 22               42                     ret
                      43     
0138                  44     subtract:                               ;subroutine to perform subtraction of a 16 bit numb
                             er from FFFFH 
0138 A840             45             mov r0, 40H
013A A941             46             mov r1, 41H
013C 74FF             47             mov a, #0FFH
013E 98               48             subb a, r0
013F F542             49             mov 42H, a
0141 7400             50             mov a, #00H
0143 99               51             subb a, r1
0144 F543             52             mov 43H, a
0146 22               53             ret
                      54             
                      55     end     
A51 MACRO ASSEMBLER  Q1                                                                   03/03/2022 21:45:06 PAGE     2

SYMBOL TABLE LISTING
------ ----- -------


N A M E             T Y P E  V A L U E   ATTRIBUTES

AGAIN. . . . . . .  C ADDR   011CH   A   
DELAY_1S . . . . .  C ADDR   0121H   A   
DELAY_25MS . . . .  C ADDR   0128H   A   
DELAY_TS . . . . .  C ADDR   011AH   A   
EXIT . . . . . . .  C ADDR   0135H   A   
FOREVER. . . . . .  C ADDR   010EH   A   
LOOP1. . . . . . .  C ADDR   0130H   A   
MAIN . . . . . . .  C ADDR   0100H   A   
P1 . . . . . . . .  D ADDR   0090H   A   
REPEAT . . . . . .  C ADDR   0123H   A   
SUBTRACT . . . . .  C ADDR   0138H   A   
TF0. . . . . . . .  B ADDR   0088H.5 A   
TH0. . . . . . . .  D ADDR   008CH   A   
TL0. . . . . . . .  D ADDR   008AH   A   
TMOD . . . . . . .  D ADDR   0089H   A   
TR0. . . . . . . .  B ADDR   0088H.4 A   


REGISTER BANK(S) USED: 0 


ASSEMBLY COMPLETE.  0 WARNING(S), 0 ERROR(S)
