C51 COMPILER V9.60.0.0   MAIN                                                              04/26/2022 12:38:23 PAGE 1   


C51 COMPILER V9.60.0.0, COMPILATION OF MODULE MAIN
OBJECT MODULE PLACED IN .\Objects\main.obj
COMPILER INVOKED BY: C:\Keil_v5\C51\BIN\C51.EXE main.c OPTIMIZE(8,SPEED) BROWSE DEBUG OBJECTEXTEND PRINT(.\Listings\main
                    -.lst) TABS(2) OBJECT(.\Objects\main.obj)

line level    source

   1          #include <at89c5131.h>
   2          #include "endsem.h"
   3          
   4          char S_str[6]= {0,0,0,0,0,0};   //String for Balance Sita
   5          char G_str[6] = {0,0,0,0,0,0};  //String for Balance Gita
   6          char n500_s[3]= {0,0,0};    // STRING FOR 500RS NOTE
   7          char n100_s[3]= {0,0,0};    // STRING FOR 100RS NOTE
   8          char password[5] = {0,0,0,0,0} ;   //PASSWORD ARRAY
   9          
  10          unsigned int sita = 10000;
  11          unsigned int gita = 10000;
  12          
  13          void msdelay(unsigned int time)
  14          {
  15   1        int i,j;
  16   1        for(i=0;i<time;i++)
  17   1        {
  18   2          for(j=0;j<382;j++);
  19   2        }
  20   1      }
  21          
  22          void account_display(void)
  23          {
  24   1        int i=0;
  25   1        unsigned char cha = 0;
  26   1        transmit_string("Hello, Please enter Account Number\r\n");
  27   1        cha = receive_char();
  28   1        switch(cha)
  29   1        {
  30   2          case '1':
  31   2            transmit_string("Account Holder: Sita\r\n");
  32   2            transmit_string("Account Balance: ");
  33   2            int_to_string(sita,S_str);
  34   2            for(i=0;i<6;i++)
  35   2            {
  36   3              transmit_char(S_str[i]);
  37   3            }
  38   2            transmit_string("\r\n");
  39   2            break;
  40   2          
  41   2          case '2':
  42   2            transmit_string("Account Holder: Gita\r\n");
  43   2            transmit_string("Account Balance: ");
  44   2            int_to_string(gita,G_str);
  45   2            for(i=0;i<6;i++)
  46   2            {
  47   3              transmit_char(G_str[i]);
  48   3            }
  49   2            transmit_string("\r\n");
  50   2            break;
  51   2          
  52   2          default:
  53   2            transmit_string("No such account, please enter valid details\r\n");
  54   2            break;
C51 COMPILER V9.60.0.0   MAIN                                                              04/26/2022 12:38:23 PAGE 2   

  55   2        }
  56   1        msdelay(100);
  57   1      }
  58          
  59          void withdraw_money(void)
  60          {
  61   1        int i=0;
  62   1        unsigned char chw = 0;
  63   1        unsigned char ch1 = 0;
  64   1        unsigned char ch2 = 0;
  65   1        unsigned int cash = 0;
  66   1        unsigned int fivehundreds=0;
  67   1        unsigned int hundreds=0;
  68   1        transmit_string("Withdraw state, enter account number\r\n");
  69   1        chw = receive_char();
  70   1        switch(chw)
  71   1        {
  72   2          case '1':
  73   2            transmit_string("Account Holder: Sita\r\n");
  74   2            transmit_string("Account Balance: ");
  75   2            int_to_string(sita,S_str);
  76   2            for(i=0;i<6;i++)
  77   2            {
  78   3              transmit_char(S_str[i]);
  79   3            }
  80   2            transmit_string("\r\n");
  81   2            transmit_string("Enter Amount, in hundreds\r\n");
  82   2            ch1 = receive_char();
  83   2            ch2 = receive_char();
  84   2            if((ch1>='0' && ch1<='9') && (ch2>='0' && ch2<='9')){
  85   3              cash = ((10*((int)ch1 - 48)) + ((int)ch2 - 48))*100;
  86   3              if(cash>sita){
  87   4                transmit_string("Insufficient Funds\r\n");
  88   4              }
  89   3              else{
  90   4                fivehundreds = cash/500;
  91   4                hundreds = (cash%500)/100;
  92   4                sita = sita - cash;
  93   4                int_to_string(sita,S_str);
  94   4                transmit_string("Remaining Balance: ");
  95   4                for(i=1;i<6;i++)
  96   4                {
  97   5                  transmit_char(S_str[i]);
  98   5                }
  99   4                transmit_string("\r\n");
 100   4                int_to_string_2(hundreds,n100_s);
 101   4                int_to_string_2(fivehundreds,n500_s);
 102   4                transmit_string("500 Notes: ");
 103   4                for(i=0;i<3;i++)
 104   4                {
 105   5                  transmit_char(n500_s[i]);
 106   5                }
 107   4                transmit_string(", ");
 108   4                transmit_string("100 Notes: ");
 109   4                for(i=0;i<3;i++)
 110   4                {
 111   5                  transmit_char(n100_s[i]);
 112   5                }
 113   4                transmit_string("\r\n");
 114   4              }
 115   3            }
 116   2            else{
C51 COMPILER V9.60.0.0   MAIN                                                              04/26/2022 12:38:23 PAGE 3   

 117   3                transmit_string("Invalid Amount\r\n");
 118   3            }
 119   2            break;
 120   2          
 121   2          case '2':
 122   2            transmit_string("Account Holder: Gita\r\n");
 123   2            transmit_string("Account Balance: ");
 124   2            int_to_string(gita,G_str);
 125   2            for(i=0;i<6;i++)
 126   2            {
 127   3              transmit_char(G_str[i]);
 128   3            }
 129   2            transmit_string("\r\n");
 130   2            transmit_string("Enter Amount, in hundreds\r\n");
 131   2            ch1 = receive_char();
 132   2            ch2 = receive_char();
 133   2            if((ch1>='0' && ch1<='9') && (ch2>='0' && ch2<='9')){
 134   3              cash = ((10*((int)ch1 - 48)) + ((int)ch2 - 48))*100;
 135   3              if(cash>gita){
 136   4                transmit_string("Insufficient Funds\r\n");
 137   4              }
 138   3              else{
 139   4                fivehundreds = cash/500;
 140   4                hundreds = (cash%500)/100;
 141   4                gita = gita - cash;
 142   4                int_to_string(gita,G_str);
 143   4                transmit_string("Remaining Balance: ");
 144   4                for(i=1;i<6;i++)
 145   4                {
 146   5                  transmit_char(G_str[i]);
 147   5                }
 148   4                transmit_string("\r\n");
 149   4                int_to_string_2(hundreds,n100_s);
 150   4                int_to_string_2(fivehundreds,n500_s);
 151   4                transmit_string("500 Notes: ");
 152   4                for(i=0;i<3;i++)
 153   4                {
 154   5                  transmit_char(n500_s[i]);
 155   5                }
 156   4                transmit_string(", ");
 157   4                transmit_string("100 Notes: ");
 158   4                for(i=0;i<3;i++)
 159   4                {
 160   5                  transmit_char(n100_s[i]);
 161   5                }
 162   4                transmit_string("\r\n");
 163   4              }
 164   3            }
 165   2            else{
 166   3                transmit_string("Invalid Amount\r\n");
 167   3            }
 168   2            break;
 169   2          
 170   2          default:
 171   2            transmit_string("No such account, please enter valid details\r\n");
 172   2            break;
 173   2        }
 174   1        msdelay(100);
 175   1      }
 176          
 177          void main(void)
 178          {
C51 COMPILER V9.60.0.0   MAIN                                                              04/26/2022 12:38:23 PAGE 4   

 179   1          unsigned char ch = 0;
 180   1          uart_init();            // Please finish this function in endsem.h 
 181   1          while (1)
 182   1          {
 183   2            transmit_string("Press A for Account display and W for withdrawing cash\r\n");
 184   2            ch = receive_char();
 185   2            switch(ch)
 186   2            {
 187   3            case 'A':account_display();
 188   3                     break;
 189   3            
 190   3            case 'a':account_display();
 191   3                     break;
 192   3            
 193   3            case 'W':withdraw_money();
 194   3                     break;
 195   3            
 196   3            case 'w':withdraw_money();
 197   3                     break;
 198   3                  
 199   3            default:transmit_string("Incorrect input entered. Try again!\r\n");
 200   3                     break;
 201   3            }
 202   2            msdelay(100);     
 203   2          }
 204   1      }
 205          
 206          


MODULE INFORMATION:   STATIC OVERLAYABLE
   CODE SIZE        =   1447    ----
   CONSTANT SIZE    =    397    ----
   XDATA SIZE       =   ----    ----
   PDATA SIZE       =   ----    ----
   DATA SIZE        =     27      24
   IDATA SIZE       =   ----    ----
   BIT SIZE         =      2    ----
END OF MODULE INFORMATION.


C51 COMPILATION COMPLETE.  0 WARNING(S),  0 ERROR(S)
