A51 MACRO ASSEMBLER  LARGEST                                                              04/01/2022 02:22:36 PAGE     1


MACRO ASSEMBLER A51 V8.2.7.0
OBJECT MODULE PLACED IN .\Objects\largest.obj
ASSEMBLER INVOKED BY: C:\Keil_v5\C51\BIN\A51.EXE largest.a51 SET(SMALL) DEBUG PRINT(.\Listings\largest.lst) OBJECT(.\Obj
                      ects\largest.obj) EP

LOC  OBJ            LINE     SOURCE

0000                   1     org 0000H
0000 2100              2     jmp main
                       3     
0100                   4     org 0100H
0100                   5     main:
0100 7A00              6             mov r2, #0H                             ;r2 has max
0102 7B00              7             mov r3, #0H                             ;r3 has second max
0104 7843              8             mov r0, #43H
                       9     
0106                  10     loop:
0106 B83F06           11             cjne r0, #3FH, continue 
0109 8B70             12             mov 70H, r3
010B 8A71             13             mov 71H, r2
010D 8020             14             jmp finish
                      15             
010F                  16     continue:
010F E6               17             mov a, @r0
0110 9B               18             subb a, r3
0111 8000             19             jmp neqr3
                      20             
0113                  21     neqr3:
0113 4005             22             jc lessthanr3
0115 E6               23             mov a, @r0
0116 FB               24             mov r3, a
0117 18               25             dec r0
0118 80EC             26             jmp loop
                      27             
011A                  28     lessthanr3:
011A C3               29             clr c
011B E6               30             mov a, @r0
011C 9A               31             subb a, r2
011D 8005             32             jmp neqr2
011F E6               33             mov a, @r0
0120 FA               34             mov r2, a
0121 18               35             dec r0
0122 80E2             36             jmp loop
                      37     
0124                  38     neqr2:
0124 4005             39             jc lessthanr2
0126 E6               40             mov a, @r0
0127 FA               41             mov r2, a
0128 18               42             dec r0
0129 80DB             43             jmp loop
                      44     
012B                  45     lessthanr2:
012B C3               46             clr c
012C 18               47             dec r0
012D 80D7             48             jmp loop
                      49     
012F                  50     finish:
                      51     
                      52     end
A51 MACRO ASSEMBLER  LARGEST                                                              04/01/2022 02:22:36 PAGE     2

SYMBOL TABLE LISTING
------ ----- -------


N A M E             T Y P E  V A L U E   ATTRIBUTES

CONTINUE . . . . .  C ADDR   010FH   A   
FINISH . . . . . .  C ADDR   012FH   A   
LESSTHANR2 . . . .  C ADDR   012BH   A   
LESSTHANR3 . . . .  C ADDR   011AH   A   
LOOP . . . . . . .  C ADDR   0106H   A   
MAIN . . . . . . .  C ADDR   0100H   A   
NEQR2. . . . . . .  C ADDR   0124H   A   
NEQR3. . . . . . .  C ADDR   0113H   A   


REGISTER BANK(S) USED: 0 


ASSEMBLY COMPLETE.  0 WARNING(S), 0 ERROR(S)
