A51 MACRO ASSEMBLER  DECIMAL                                                              04/01/2022 02:39:20 PAGE     1


MACRO ASSEMBLER A51 V8.2.7.0
OBJECT MODULE PLACED IN .\Objects\decimal.obj
ASSEMBLER INVOKED BY: C:\Keil_v5\C51\BIN\A51.EXE decimal.a51 SET(SMALL) DEBUG PRINT(.\Listings\decimal.lst) OBJECT(.\Obj
                      ects\decimal.obj) EP

LOC  OBJ            LINE     SOURCE

0000                   1     org 0000H
0000 802E              2     jmp main
0030                   3     org 30H
                       4     
0030                   5     main:
0030 A850              6             mov r0, 50H
0032 1136              7             call hex_to_decimal
0034 801D              8             jmp finish
                       9             
0036                  10     hex_to_decimal:
0036 E8               11             mov a, r0
0037 C001             12             push 1
0039 C002             13             push 2
003B 75F00A           14             mov b, #0AH
003E 84               15             div ab
003F A9F0             16             mov r1, b
0041 75F00A           17             mov b, #0AH
0044 84               18             div ab
0045 FA               19             mov r2, a
0046 E5F0             20             mov a, b
0048 C4               21             swap a
0049 29               22             add a, r1
004A F553             23             mov 53H, a
004C 8A52             24             mov 52H, r2
004E D002             25             pop 2
0050 D001             26             pop 1
0052 22               27             ret
                      28     
0053                  29     finish:
                      30     end
A51 MACRO ASSEMBLER  DECIMAL                                                              04/01/2022 02:39:20 PAGE     2

SYMBOL TABLE LISTING
------ ----- -------


N A M E             T Y P E  V A L U E   ATTRIBUTES

B. . . . . . . . .  D ADDR   00F0H   A   
FINISH . . . . . .  C ADDR   0053H   A   
HEX_TO_DECIMAL . .  C ADDR   0036H   A   
MAIN . . . . . . .  C ADDR   0030H   A   


REGISTER BANK(S) USED: 0 


ASSEMBLY COMPLETE.  0 WARNING(S), 0 ERROR(S)
